
unknown
(
  (define-fun x () Int (as @a0 Int))
)

unknown
(
  (define-fun x () Int 5)
  (define-fun y () Int (as @a2 Int))
)

unknown
(
  (define-fun x () Int 6)
)

unknown
(
  (define-fun x () Int 6)
  (define-fun z () S (as @a5 S))
)

unknown
(
  (define-fun x () Int 6)
  (define-fun z () S (as @a7 S))
  (define-fun f ((_arg_0 Int)) Int (as @a9 Int))
)

unknown
(
  (define-fun x () Int 6)
  (define-fun z () S (as @a11 S))
  (define-fun f ((_arg_0 Int)) Int 2)
)
